I'm sorry, but errors were detected in your script. Please correct the
errors listed below, and try again.


The label end_1 is defined twice, at File "game/end_1.rpyc", line 3:

and File "game/ends.rpy", line 13:
label end_1:


The label end_2 is defined twice, at File "game/end_2.rpyc", line 3:

and File "game/ends.rpy", line 22:
label end_2:


The label end_3 is defined twice, at File "game/end_3.rpyc", line 3:

and File "game/ends.rpy", line 31:
label end_3:


Ren'Py Version: Ren'Py 8.0.3.22090602
Fri Sep  9 14:18:03 2022
